// 同步 ID: 67f3fba7 @ Wed Jul 15 22:32:48 UTC 2026
// 同步 ID: 4cdaade4 @ Thu Jul 16 11:17:50 UTC 2026
// 同步 ID: 4c4b855f @ Thu Jul 16 16:25:15 UTC 2026
// 同步 ID: e2fca247 @ Thu Jul 16 18:07:05 UTC 2026
// 重构日志: b4f2cdb5
// 重构日志: 4c4d29eb
// 重构日志: 1676f758
// 重构日志: b7aa9337
// 重构日志: b3fc3b94
// 重构日志: 6c62e2b9
// 重构日志: b8d7e7a3
// 同步 ID: 02735c2a @ Tue Jul 21 08:48:23 UTC 2026
// 重构日志: 095a0af8
// 重构日志: a8a3f6e5
// 同步 ID: cbb456d2 @ Wed Jul 22 22:51:07 UTC 2026
// 重构日志: abce812e
// 重构日志: ba63cd6b
// 同步 ID: 46ea51e0 @ Sun Jul 26 11:09:38 UTC 2026
// 同步 ID: 1be692f4 @ Sun Jul 26 14:56:55 UTC 2026
// 重构日志: 5b9ca8c8
// 同步 ID: ee0a7460 @ Mon Jul 27 01:27:04 UTC 2026
// 重构日志: b768236d
// 同步 ID: e1b1722d @ Tue Jul 28 10:15:07 UTC 2026
// 重构日志: 2fa9d2a1
// 重构日志: 0e0b2224
// 重构日志: 1f1768d7
// 重构日志: 975d803f
// 重构日志: 8967ecef
// 同步 ID: b0a845a5 @ Thu Jul 30 08:03:25 UTC 2026
// 同步 ID: b172617e @ Thu Jul 30 17:33:21 UTC 2026
